
> Trivexachain-backend@1.0.0 prebuild
> npm run clean


> Trivexachain-backend@1.0.0 clean
> rimraf dist


> Trivexachain-backend@1.0.0 build
> tsc

src/controllers/admin/batchProcessing.controller.ts(115,9): error TS2322: Type 'Response<any, Record<string, any>>' is not assignable to type 'void'.
src/controllers/admin/batchProcessing.controller.ts(182,9): error TS2322: Type 'Response<any, Record<string, any>>' is not assignable to type 'void'.
src/controllers/admin/batchProcessing.controller.ts(189,9): error TS2322: Type 'Response<any, Record<string, any>>' is not assignable to type 'void'.
src/controllers/admin/batchProcessing.controller.ts(280,9): error TS2322: Type 'Response<any, Record<string, any>>' is not assignable to type 'void'.
src/controllers/admin/batchProcessing.controller.ts(311,9): error TS2322: Type 'Response<any, Record<string, any>>' is not assignable to type 'void'.
src/controllers/device/device.controller.backup.ts(322,21): error TS1355: A 'const' assertions can only be applied to references to enum members, or string, number, boolean, array, or object literals.
src/controllers/device/device.controller.backup.ts(904,17): error TS2339: Property 'io' does not exist on type 'typeof import("C:/Users/Chandrashekar/Desktop/All_Blockchain_project/BlockX-Hackathon/backend/src/server")'.
src/controllers/device/device.controller.backup.ts(975,30): error TS2339: Property 'isOnline' does not exist on type 'Document<unknown, {}, IDevice, {}, {}> & IDevice & Required<{ _id: unknown; }> & { __v: number; }'.
src/controllers/device/device.controller.backup.ts(1054,30): error TS2339: Property 'isOnline' does not exist on type 'Document<unknown, {}, IDevice, {}, {}> & IDevice & Required<{ _id: unknown; }> & { __v: number; }'.
src/controllers/device/device.controller.backup.ts(1081,43): error TS2339: Property 'isOnline' does not exist on type 'Document<unknown, {}, IDevice, {}, {}> & IDevice & Required<{ _id: unknown; }> & { __v: number; }'.
src/controllers/device/device.controller.fixed.ts(92,9): error TS2322: Type 'Response<any, Record<string, any>>' is not assignable to type 'void'.
src/controllers/device/device.controller.fixed.ts(115,23): error TS2367: This comparison appears to be unintentional because the types '"error" | "obd_connected" | "device_not_connected" | "discovery_mode"' and '"offline"' have no overlap.
src/controllers/device/device.controller.fixed.ts(164,17): error TS2322: Type '"ROLLBACK_DETECTED"' is not assignable to type '"PENDING"'.
src/controllers/device/device.controller.fixed.ts(209,17): error TS2322: Type '"VALID"' is not assignable to type '"PENDING"'.
src/controllers/device/device.controller.fixed.ts(357,21): error TS1355: A 'const' assertions can only be applied to references to enum members, or string, number, boolean, array, or object literals.
src/controllers/device/device.controller.fixed.ts(358,11): error TS1117: An object literal cannot have multiple properties with the same name.
src/controllers/device/device.controller.fixed.ts(375,9): error TS2322: Type 'Response<any, Record<string, any>>' is not assignable to type 'void'.
src/controllers/device/device.controller.fixed.ts(389,9): error TS2322: Type 'Response<any, Record<string, any>>' is not assignable to type 'void'.
src/controllers/device/device.controller.new.ts(96,9): error TS2322: Type 'Response<any, Record<string, any>>' is not assignable to type 'void'.
src/controllers/device/device.controller.new.ts(119,23): error TS2367: This comparison appears to be unintentional because the types '"error" | "obd_connected" | "device_not_connected"' and '"offline"' have no overlap.
src/controllers/device/device.controller.new.ts(168,17): error TS2322: Type '"ROLLBACK_DETECTED"' is not assignable to type '"PENDING"'.
src/controllers/device/device.controller.new.ts(213,17): error TS2322: Type '"VALID"' is not assignable to type '"PENDING"'.
src/controllers/device/device.controller.new.ts(361,21): error TS1355: A 'const' assertions can only be applied to references to enum members, or string, number, boolean, array, or object literals.
src/controllers/device/device.controller.new.ts(362,11): error TS1117: An object literal cannot have multiple properties with the same name.
src/controllers/device/device.controller.new.ts(379,9): error TS2322: Type 'Response<any, Record<string, any>>' is not assignable to type 'void'.
src/controllers/device/device.controller.new.ts(393,9): error TS2322: Type 'Response<any, Record<string, any>>' is not assignable to type 'void'.
src/controllers/device/device.controller.ts(345,21): error TS1355: A 'const' assertions can only be applied to references to enum members, or string, number, boolean, array, or object literals.
src/controllers/device/device.controller.ts(1024,17): error TS2339: Property 'io' does not exist on type 'typeof import("C:/Users/Chandrashekar/Desktop/All_Blockchain_project/BlockX-Hackathon/backend/src/server")'.
src/controllers/document/document.controller.ts(10,3): error TS2305: Module '"../../types/vehicle.types"' has no exported member 'DocumentVerificationData'.
src/controllers/document/document.controller.ts(11,3): error TS2305: Module '"../../types/vehicle.types"' has no exported member 'DocumentUpdateData'.
src/controllers/document/document.controller.ts(20,8): error TS2613: Module '"C:/Users/Chandrashekar/Desktop/All_Blockchain_project/BlockX-Hackathon/backend/src/services/core/document.service"' has no default export. Did you mean to use 'import { documentService } from "C:/Users/Chandrashekar/Desktop/All_Blockchain_project/BlockX-Hackathon/backend/src/services/core/document.service"' instead?
src/controllers/document/document.controller.ts(21,8): error TS2613: Module '"C:/Users/Chandrashekar/Desktop/All_Blockchain_project/BlockX-Hackathon/backend/src/services/storage/s3.service"' has no default export. Did you mean to use 'import { s3Service } from "C:/Users/Chandrashekar/Desktop/All_Blockchain_project/BlockX-Hackathon/backend/src/services/storage/s3.service"' instead?
src/controllers/document/document.controller.ts(72,21): error TS2322: Type '"accident_report"' is not assignable to type 'DocumentType'.
src/controllers/document/document.controller.ts(72,40): error TS2322: Type '"lien_release"' is not assignable to type 'DocumentType'.
src/controllers/document/document.controller.ts(72,56): error TS2322: Type '"emissions"' is not assignable to type 'DocumentType'.
src/controllers/document/document.controller.ts(87,19): error TS2551: Property 'owner' does not exist on type 'Document<unknown, {}, IVehicleDocument, {}, {}> & IVehicleDocument & Required<{ _id: unknown; }> & { __v: number; }'. Did you mean 'ownerId'?
src/controllers/document/document.controller.ts(384,45): error TS2339: Property 's3Key' does not exist on type 'Document<unknown, {}, IVehicleDocumentDocument, {}, {}> & IVehicleDocumentDocument & Required<{ _id: unknown; }> & { ...; }'.
src/controllers/document/document.controller.ts(386,60): error TS2339: Property 's3Key' does not exist on type 'Document<unknown, {}, IVehicleDocumentDocument, {}, {}> & IVehicleDocumentDocument & Required<{ _id: unknown; }> & { ...; }'.
src/controllers/document/document.controller.ts(452,9): error TS2554: Expected 0-2 arguments, but got 3.
src/controllers/document/document.controller.ts(462,32): error TS2551: Property 'verifiedAt' does not exist on type 'Document<unknown, {}, IVehicleDocumentDocument, {}, {}> & IVehicleDocumentDocument & Required<{ _id: unknown; }> & { ...; }'. Did you mean 'verifiedBy'?
src/controllers/document/document.controller.ts(534,32): error TS2339: Property 'rejectedAt' does not exist on type 'Document<unknown, {}, IVehicleDocumentDocument, {}, {}> & IVehicleDocumentDocument & Required<{ _id: unknown; }> & { ...; }'.
src/controllers/document/document.controller.ts(579,10): error TS2339: Property 'skip' does not exist on type 'Promise<IVehicleDocumentDocument[]>'.
src/controllers/document/document.controller.ts(653,73): error TS2339: Property 's3Key' does not exist on type 'Document<unknown, {}, IVehicleDocumentDocument, {}, {}> & IVehicleDocumentDocument & Required<{ _id: unknown; }> & { ...; }'.
src/controllers/document/document.controller.ts(666,30): error TS2551: Property 'originalName' does not exist on type 'Document<unknown, {}, IVehicleDocumentDocument, {}, {}> & IVehicleDocumentDocument & Required<{ _id: unknown; }> & { ...; }'. Did you mean 'originalFileName'?
src/controllers/document/document.controller.ts(705,43): error TS2339: Property 'getStorageStats' does not exist on type 'IVehicleDocumentModel'.
src/controllers/install.controller.ts(215,65): error TS2345: Argument of type 'Document<unknown, {}, IInstallationRequest, {}, {}> & IInstallationRequest & Required<{ _id: unknown; }> & { __v: number; }' is not assignable to parameter of type 'IInstall'.
  Types of property 'deviceId' are incompatible.
    Type 'string | ObjectId' is not assignable to type 'string'.
      Type 'ObjectId' is not assignable to type 'string'.
src/controllers/mileage/mileage.controller.ts(7,3): error TS2305: Module '"../../types/vehicle.types"' has no exported member 'MileageUpdateData'.
src/controllers/mileage/mileage.controller.ts(9,3): error TS2305: Module '"../../types/vehicle.types"' has no exported member 'MileageAnalytics'.
src/controllers/mileage/mileage.controller.ts(10,3): error TS2305: Module '"../../types/vehicle.types"' has no exported member 'MileageVerificationData'.
src/controllers/mileage/mileage.controller.ts(53,19): error TS2551: Property 'owner' does not exist on type 'Document<unknown, {}, IVehicleDocument, {}, {}> & IVehicleDocument & Required<{ _id: unknown; }> & { __v: number; }'. Did you mean 'ownerId'?
src/controllers/mileage/mileage.controller.ts(87,56): error TS2345: Argument of type 'ObjectId' is not assignable to parameter of type 'string'.
src/controllers/mileage/mileage.controller.ts(301,54): error TS2339: Property 'findSuspiciousRecords' does not exist on type 'Model<IMileageHistoryDocument, {}, {}, {}, Document<unknown, {}, IMileageHistoryDocument, {}, {}> & IMileageHistoryDocument & Required<...> & { ...; }, any>'.
src/controllers/mileage/mileage.controller.ts(369,9): error TS2554: Expected 0 arguments, but got 3.
src/controllers/mileage/mileage.controller.ts(387,37): error TS2551: Property 'verifiedAt' does not exist on type 'Document<unknown, {}, IMileageHistoryDocument, {}, {}> & IMileageHistoryDocument & Required<{ _id: unknown; }> & { ...; }'. Did you mean 'verified'?
src/controllers/mileage/mileage.controller.ts(477,42): error TS2339: Property 'getAggregatedStats' does not exist on type 'Model<IMileageHistoryDocument, {}, {}, {}, Document<unknown, {}, IMileageHistoryDocument, {}, {}> & IMileageHistoryDocument & Required<...> & { ...; }, any>'.
src/controllers/mileage/mileage.controller.ts(548,61): error TS2551: Property 'isVerified' does not exist on type 'Document<unknown, {}, IMileageHistoryDocument, {}, {}> & IMileageHistoryDocument & Required<{ _id: unknown; }> & { ...; }'. Did you mean 'verified'?
src/controllers/mileage/mileage.controller.ts(549,63): error TS2339: Property 'isSuspicious' does not exist on type 'Document<unknown, {}, IMileageHistoryDocument, {}, {}> & IMileageHistoryDocument & Required<{ _id: unknown; }> & { ...; }'.
src/controllers/mileage/mileage.controller.ts(582,19): error TS2339: Property 'count' does not exist on type 'unknown'.
src/controllers/mileage/mileage.controller.ts(583,24): error TS2339: Property 'totalMileage' does not exist on type 'unknown'.
src/controllers/mileage/mileage.controller.ts(583,44): error TS2339: Property 'count' does not exist on type 'unknown'.
src/controllers/telemetry/telemetry.controller.ts(109,9): error TS2322: Type 'Response<any, Record<string, any>>' is not assignable to type 'void'.
src/controllers/telemetry/telemetry.controller.ts(209,34): error TS2339: Property 'blockchainHash' does not exist on type 'Document<unknown, {}, IVehicleTelemetry, {}, {}> & IVehicleTelemetry & Required<{ _id: unknown; }> & { __v: number; }'.
src/controllers/vehicle/vehicle.controller.ts(7,3): error TS2305: Module '"../../types/vehicle.types"' has no exported member 'VehicleRegistrationData'.
src/controllers/vehicle/vehicle.controller.ts(9,3): error TS2305: Module '"../../types/vehicle.types"' has no exported member 'VehicleUpdateData'.
src/controllers/vehicle/vehicle.controller.ts(49,20): error TS2551: Property 'validateVIN' does not exist on type 'Model<IVehicleDocument, {}, {}, {}, Document<unknown, {}, IVehicleDocument, {}, {}> & IVehicleDocument & Required<{ _id: unknown; }> & { ...; }, any>'. Did you mean 'validate'?
src/controllers/vehicle/vehicle.controller.ts(188,19): error TS2339: Property 'yearMin' does not exist on type 'VehicleSearchFilters'.
src/controllers/vehicle/vehicle.controller.ts(188,38): error TS2339: Property 'yearMax' does not exist on type 'VehicleSearchFilters'.
src/controllers/vehicle/vehicle.controller.ts(190,21): error TS2339: Property 'yearMin' does not exist on type 'VehicleSearchFilters'.
src/controllers/vehicle/vehicle.controller.ts(190,62): error TS2339: Property 'yearMin' does not exist on type 'VehicleSearchFilters'.
src/controllers/vehicle/vehicle.controller.ts(191,21): error TS2339: Property 'yearMax' does not exist on type 'VehicleSearchFilters'.
src/controllers/vehicle/vehicle.controller.ts(191,62): error TS2339: Property 'yearMax' does not exist on type 'VehicleSearchFilters'.
src/controllers/vehicle/vehicle.controller.ts(209,19): error TS2339: Property 'minTrustScore' does not exist on type 'VehicleSearchFilters'.
src/controllers/vehicle/vehicle.controller.ts(210,50): error TS2339: Property 'minTrustScore' does not exist on type 'VehicleSearchFilters'.
src/controllers/vehicle/vehicle.controller.ts(329,19): error TS2551: Property 'owner' does not exist on type 'Document<unknown, {}, IVehicleDocument, {}, {}> & IVehicleDocument & Required<{ _id: unknown; }> & { __v: number; }'. Did you mean 'ownerId'?
src/controllers/vehicle/vehicle.controller.ts(399,19): error TS2551: Property 'owner' does not exist on type 'Document<unknown, {}, IVehicleDocument, {}, {}> & IVehicleDocument & Required<{ _id: unknown; }> & { __v: number; }'. Did you mean 'ownerId'?
src/controllers/vehicle/vehicle.controller.ts(449,37): error TS2551: Property 'validateVIN' does not exist on type 'Model<IVehicleDocument, {}, {}, {}, Document<unknown, {}, IVehicleDocument, {}, {}> & IVehicleDocument & Required<{ _id: unknown; }> & { ...; }, any>'. Did you mean 'validate'?
src/controllers/vehicle/vehicle.controller.ts(466,37): error TS2339: Property 'status' does not exist on type 'Document<unknown, {}, IVehicleDocument, {}, {}> & IVehicleDocument & Required<{ _id: unknown; }> & { __v: number; }'.
src/controllers/vehicle/vehicle.controller.ts(515,44): error TS2339: Property 'mileageConsistency' does not exist on type 'number'.
src/controllers/vehicle/vehicle.controller.ts(516,46): error TS2339: Property 'documentVerification' does not exist on type 'number'.
src/controllers/vehicle/vehicle.controller.ts(517,40): error TS2339: Property 'serviceHistory' does not exist on type 'number'.
src/controllers/vehicle/vehicle.controller.ts(518,42): error TS2339: Property 'ownershipHistory' does not exist on type 'number'.
src/controllers/vehicle/vehicle.controller.ts(519,38): error TS2339: Property 'overallScore' does not exist on type 'number'.
src/jobs/dailyMerkleJob.ts(188,47): error TS2551: Property 'toDate' does not exist on type 'DateTime<boolean>'. Did you mean 'toJSDate'?
src/models/core/User.model.ts(221,3): error TS2561: Object literal may only specify known properties, but 'roles' does not exist in type '{ _id?: SchemaDefinitionProperty<string, IUser, Document<unknown, {}, FlatRecord<IUser>, {}, ResolveSchemaOptions<DefaultSchemaOptions>> & FlatRecord<...> & Required<...> & { ...; }>; ... 33 more ...; resetLoginAttempts?: SchemaDefinitionProperty<...>; }'. Did you mean to write 'role'?
src/models/core/User.model.ts(291,18): error TS2339: Property 'firstName' does not exist on type 'IfAny<FlatRecord<DocType>, any, TVirtuals & TInstanceMethods extends Record<string, never> ? Document<unknown, {}, FlatRecord<...>, TVirtuals, ResolveSchemaOptions<...>> & Default__v<...> : IfAny<...>>'.
src/models/core/User.model.ts(291,36): error TS2339: Property 'lastName' does not exist on type 'IfAny<FlatRecord<DocType>, any, TVirtuals & TInstanceMethods extends Record<string, never> ? Document<unknown, {}, FlatRecord<...>, TVirtuals, ResolveSchemaOptions<...>> & Default__v<...> : IfAny<...>>'.
src/models/core/User.model.ts(295,18): error TS2339: Property 'lockoutUntil' does not exist on type 'IfAny<FlatRecord<DocType>, any, TVirtuals & TInstanceMethods extends Record<string, never> ? Document<unknown, {}, FlatRecord<...>, TVirtuals, ResolveSchemaOptions<...>> & Default__v<...> : IfAny<...>>'.
src/models/core/User.model.ts(295,39): error TS2339: Property 'lockoutUntil' does not exist on type 'IfAny<FlatRecord<DocType>, any, TVirtuals & TInstanceMethods extends Record<string, never> ? Document<unknown, {}, FlatRecord<...>, TVirtuals, ResolveSchemaOptions<...>> & Default__v<...> : IfAny<...>>'.
src/models/core/User.model.ts(300,16): error TS2352: Conversion of type 'IfAny<FlatRecord<DocType>, any, TVirtuals & TInstanceMethods extends Record<string, never> ? Document<unknown, {}, FlatRecord<...>, TVirtuals, ResolveSchemaOptions<...>> & Default__v<...> : IfAny<...>>' to type 'IUser' may be a mistake because neither type sufficiently overlaps with the other. If this was intentional, convert the expression to 'unknown' first.
  Type 'TVirtuals & TInstanceMethods extends Record<string, never> ? Document<unknown, {}, FlatRecord<DocType>, TVirtuals, ResolveSchemaOptions<...>> & Default__v<...> : IfAny<...>' is not comparable to type 'IUser'.
    Type '(Document<unknown, {}, FlatRecord<DocType>, TVirtuals, ResolveSchemaOptions<TSchemaOptions>> & Default__v<...>) | IfAny<...>' is not comparable to type 'IUser'.
      Type 'IfAny<TVirtuals & TInstanceMethods, Document<unknown, {}, FlatRecord<DocType>, TVirtuals, ResolveSchemaOptions<TSchemaOptions>> & Default__v<...>, Document<...> & ... 2 more ... & TInstanceMethods>' is not comparable to type 'IUser'.
        Type '(Document<unknown, {}, FlatRecord<DocType>, TVirtuals, ResolveSchemaOptions<TSchemaOptions>> & Default__v<...>) | (Document<...> & ... 2 more ... & TInstanceMethods)' is not comparable to type 'IUser'.
          Type 'Document<unknown, {}, FlatRecord<DocType>, TVirtuals, ResolveSchemaOptions<TSchemaOptions>> & Omit<...> & TVirtuals & TInstanceMethods' is missing the following properties from type 'IUser': email, password, firstName, lastName, and 19 more.
src/routes/admin/batchProcessing.routes.ts(9,22): error TS2345: Argument of type 'string[]' is not assignable to parameter of type 'UserRole'.
src/routes/admin/serviceProvider.routes.ts(9,22): error TS2345: Argument of type 'string[]' is not assignable to parameter of type 'UserRole'.
src/routes/install/install.routes.ts(148,13): error TS2345: Argument of type 'string[]' is not assignable to parameter of type 'UserRole'.
src/routes/install/install.routes.ts(185,13): error TS2345: Argument of type 'string[]' is not assignable to parameter of type 'UserRole'.
src/routes/install/install.routes.ts(222,13): error TS2345: Argument of type 'string[]' is not assignable to parameter of type 'UserRole'.
src/routes/install/install.routes.ts(294,13): error TS2345: Argument of type 'string[]' is not assignable to parameter of type 'UserRole'.
src/routes/install/install.routes.ts(329,13): error TS2345: Argument of type 'string[]' is not assignable to parameter of type 'UserRole'.
src/routes/vehicle/report.routes.ts(273,29): error TS2339: Property 'updatedAt' does not exist on type 'Document<unknown, {}, IVehicleDocument, {}, {}> & IVehicleDocument & Required<{ _id: unknown; }> & { __v: number; }'.
src/routes/vehicle/report.routes.ts(284,13): error TS2339: Property 'updatedAt' does not exist on type 'Document<unknown, {}, IVehicleDocument, {}, {}> & IVehicleDocument & Required<{ _id: unknown; }> & { __v: number; }'.
src/routes/vehicle/report.routes.ts(298,27): error TS2339: Property 'updatedAt' does not exist on type 'Document<unknown, {}, IVehicleDocument, {}, {}> & IVehicleDocument & Required<{ _id: unknown; }> & { __v: number; }'.
src/routes/vehicle/report.routes.ts(346,13): error TS2339: Property 'updatedAt' does not exist on type 'Document<unknown, {}, IVehicleDocument, {}, {}> & IVehicleDocument & Required<{ _id: unknown; }> & { __v: number; }'.
src/routes/vehicle/report.routes.ts(357,29): error TS2339: Property 'updatedAt' does not exist on type 'Document<unknown, {}, IVehicleDocument, {}, {}> & IVehicleDocument & Required<{ _id: unknown; }> & { __v: number; }'.
src/routes/vehicle/upload.routes.ts(270,26): error TS2339: Property 'make' does not exist on type 'unknown'.
src/routes/vehicle/upload.routes.ts(271,27): error TS2339: Property 'model' does not exist on type 'unknown'.
src/routes/vehicle/upload.routes.ts(272,26): error TS2339: Property 'year' does not exist on type 'unknown'.
src/routes/vehicle/upload.routes.ts(273,34): error TS2339: Property 'manufacturer' does not exist on type 'unknown'.
src/services/core/batchProcessing.service.ts(49,41): error TS2339: Property 'findActiveBatch' does not exist on type 'Model<IBatchData, {}, {}, {}, Document<unknown, {}, IBatchData, {}, {}> & IBatchData & Required<{ _id: unknown; }> & { __v: number; }, any>'.
src/services/core/batchProcessing.service.ts(59,33): error TS2339: Property 'createBatch' does not exist on type 'Model<IBatchData, {}, {}, {}, Document<unknown, {}, IBatchData, {}, {}> & IBatchData & Required<{ _id: unknown; }> & { __v: number; }, any>'.
src/services/core/batchProcessing.service.ts(93,26): error TS2345: Argument of type 'string' is not assignable to parameter of type 'number'.
src/services/core/batchProcessing.service.ts(365,46): error TS2339: Property 'findPendingSubmission' does not exist on type 'Model<IBatchData, {}, {}, {}, Document<unknown, {}, IBatchData, {}, {}> & IBatchData & Required<{ _id: unknown; }> & { __v: number; }, any>'.
src/services/core/batchProcessing.service.ts(432,26): error TS2345: Argument of type 'string' is not assignable to parameter of type 'number'.
src/services/core/marketplace.service.ts(274,26): error TS2345: Argument of type 'string' is not assignable to parameter of type 'number'.
src/services/core/marketplace.service.ts(525,53): error TS2339: Property 'askingPrice' does not exist on type 'Document<unknown, {}, IVehicleDocument, {}, {}> & IVehicleDocument & Required<{ _id: unknown; }> & { __v: number; }'.
src/services/core/marketplace.service.ts(737,30): error TS2339: Property 'createdAt' does not exist on type 'Document<unknown, {}, IVehicleDocument, {}, {}> & IVehicleDocument & Required<{ _id: unknown; }> & { __v: number; }'.
src/services/core/marketplace.service.ts(742,27): error TS2339: Property 'createdAt' does not exist on type 'Document<unknown, {}, IVehicleDocument, {}, {}> & IVehicleDocument & Required<{ _id: unknown; }> & { __v: number; }'.
src/services/core/marketplace.service.ts(758,26): error TS2345: Argument of type 'string' is not assignable to parameter of type 'number'.
src/services/core/marketplace.service.ts(915,26): error TS2345: Argument of type 'string' is not assignable to parameter of type 'number'.
src/services/core/marketplace.service.ts(963,26): error TS2345: Argument of type 'string' is not assignable to parameter of type 'number'.
src/services/core/serviceProvider.service.ts(243,26): error TS2345: Argument of type 'string' is not assignable to parameter of type 'number'.
src/services/core/serviceProvider.service.ts(269,28): error TS2339: Property 'canInstallDevice' does not exist on type 'Document<unknown, {}, IServiceProvider, {}, {}> & IServiceProvider & Required<{ _id: unknown; }> & { __v: number; }'.
src/services/core/serviceProvider.service.ts(274,28): error TS2339: Property 'isAvailableOn' does not exist on type 'Document<unknown, {}, IServiceProvider, {}, {}> & IServiceProvider & Required<{ _id: unknown; }> & { __v: number; }'.
src/services/core/serviceProvider.service.ts(371,27): error TS2339: Property 'updateMetrics' does not exist on type 'Document<unknown, {}, IServiceProvider, {}, {}> & IServiceProvider & Required<{ _id: unknown; }> & { __v: number; }'.
src/services/core/serviceProvider.service.ts(492,26): error TS2345: Argument of type 'string' is not assignable to parameter of type 'number'.
src/services/core/serviceProvider.service.ts(508,26): error TS2345: Argument of type 'string' is not assignable to parameter of type 'number'.
src/services/core/serviceProvider.service.ts(520,26): error TS2345: Argument of type 'string' is not assignable to parameter of type 'number'.
src/services/core/serviceProvider.service.ts(592,26): error TS2345: Argument of type 'string' is not assignable to parameter of type 'number'.
src/services/storage/s3.service.ts(83,26): error TS2345: Argument of type 'string' is not assignable to parameter of type 'number'.
src/services/storage/s3.service.ts(98,26): error TS2345: Argument of type 'string' is not assignable to parameter of type 'number'.
src/services/storage/s3.service.ts(121,26): error TS2345: Argument of type 'string' is not assignable to parameter of type 'number'.
src/services/storage/s3.service.ts(127,26): error TS2345: Argument of type 'string' is not assignable to parameter of type 'number'.
src/services/storage/s3.service.ts(132,26): error TS2345: Argument of type 'string' is not assignable to parameter of type 'number'.
src/services/storage/s3.service.ts(200,33): error TS2339: Property 'VersionId' does not exist on type 'SendData'.
src/services/storage/s3.service.ts(233,26): error TS2345: Argument of type 'string' is not assignable to parameter of type 'number'.
src/services/storage/s3.service.ts(259,28): error TS2345: Argument of type 'string' is not assignable to parameter of type 'number'.
src/services/storage/s3.service.ts(267,28): error TS2345: Argument of type 'string' is not assignable to parameter of type 'number'.
src/services/storage/s3.service.ts(270,26): error TS2345: Argument of type 'string' is not assignable to parameter of type 'number'.
src/services/storage/s3.service.ts(303,26): error TS2345: Argument of type 'string' is not assignable to parameter of type 'number'.
src/services/storage/s3.service.ts(335,26): error TS2345: Argument of type 'string' is not assignable to parameter of type 'number'.
src/services/storage/s3.service.ts(363,28): error TS2345: Argument of type 'string' is not assignable to parameter of type 'number'.
src/services/storage/s3.service.ts(366,26): error TS2345: Argument of type 'string' is not assignable to parameter of type 'number'.
src/services/storage/s3.service.ts(393,26): error TS2345: Argument of type 'string' is not assignable to parameter of type 'number'.
src/services/storage/s3.service.ts(416,26): error TS2345: Argument of type 'string' is not assignable to parameter of type 'number'.
src/services/storage/s3.service.ts(432,26): error TS2345: Argument of type 'string' is not assignable to parameter of type 'number'.
src/services/storage/s3.service.ts(483,26): error TS2345: Argument of type 'string' is not assignable to parameter of type 'number'.
src/services/storage/s3.service.ts(516,26): error TS2345: Argument of type 'string' is not assignable to parameter of type 'number'.
src/services/vehicleBlockchain.service.ts(52,7): error TS2322: Type '(FlattenMaps<IVehicleBlockchainHistory> & Required<{ _id: FlattenMaps<unknown>; }> & { __v: number; })[]' is not assignable to type 'IVehicleBlockchainHistory[]'.
  Type 'FlattenMaps<IVehicleBlockchainHistory> & Required<{ _id: FlattenMaps<unknown>; }> & { __v: number; }' is not assignable to type 'IVehicleBlockchainHistory'.
    The types of 'collection.conn.db.client' are incompatible between these types.
      Type 'FlattenMaps<MongoClient>' is missing the following properties from type 'MongoClient': driverInfoList, _close
src/services/vehicleBlockchain.service.ts(71,7): error TS2322: Type '(FlattenMaps<IVehicleBlockchainHistory> & Required<{ _id: FlattenMaps<unknown>; }> & { __v: number; })[]' is not assignable to type 'IVehicleBlockchainHistory[]'.
  Type 'FlattenMaps<IVehicleBlockchainHistory> & Required<{ _id: FlattenMaps<unknown>; }> & { __v: number; }' is not assignable to type 'IVehicleBlockchainHistory'.
    The types of 'collection.conn.db.client' are incompatible between these types.
      Type 'FlattenMaps<MongoClient>' is missing the following properties from type 'MongoClient': driverInfoList, _close
src/services/vehicleBlockchain.service.ts(90,7): error TS2322: Type 'FlattenMaps<IVehicleBlockchainHistory> & Required<{ _id: FlattenMaps<unknown>; }> & { __v: number; }' is not assignable to type 'IVehicleBlockchainHistory'.
  The types of 'collection.conn.db.client' are incompatible between these types.
    Type 'FlattenMaps<MongoClient>' is missing the following properties from type 'MongoClient': driverInfoList, _close
src/services/vehicleBlockchain.service.ts(129,7): error TS2322: Type 'FlattenMaps<IVehicleBlockchainHistory> & Required<{ _id: FlattenMaps<unknown>; }> & { __v: number; }' is not assignable to type 'IVehicleBlockchainHistory'.
  The types of 'collection.conn.db.client' are incompatible between these types.
    Type 'FlattenMaps<MongoClient>' is missing the following properties from type 'MongoClient': driverInfoList, _close
